// Jest Snapshot v1, https://goo.gl/fbAQLP

exports[`Countdown matches the snapshot 1`] = `
<p>
  Retry in: 3
</p>
`;
